[2026-07-22 21:16:39.068] [info] Using configuration file /home/ruby/.config/waybar/config
[2026-07-22 21:16:39.069] [info] Discovered appearance 'dark'
[2026-07-22 21:16:39.082] [info] Using CSS file /home/ruby/.config/waybar/style.css
[2026-07-22 21:16:39.085] [info] Hyprland IPC starting
[2026-07-22 21:16:39.085] [info] Loading persistent workspaces from Hyprland workspace rules
[2026-07-22 21:16:39.116] [info] Bar configured (width: 1920, height: 34) for output: DP-1
[2026-07-22 21:17:04.132] [info] Using configuration file /home/ruby/.config/waybar/config
[2026-07-22 21:17:04.137] [info] Discovered appearance 'dark'
[2026-07-22 21:17:04.156] [info] Using CSS file /home/ruby/.config/waybar/style.css
[2026-07-22 21:17:04.163] [info] Hyprland IPC starting
[2026-07-22 21:17:04.164] [info] Loading persistent workspaces from Hyprland workspace rules
[2026-07-22 21:17:04.212] [info] Bar configured (width: 1920, height: 34) for output: DP-1
[2026-07-22 21:18:20.976] [info] Using configuration file /home/ruby/.config/waybar/config
[2026-07-22 21:18:20.980] [info] Discovered appearance 'dark'
[2026-07-22 21:18:20.998] [info] Using CSS file /home/ruby/.config/waybar/style.css
[2026-07-22 21:18:21.004] [info] Hyprland IPC starting
[2026-07-22 21:18:21.004] [info] Loading persistent workspaces from Hyprland workspace rules
[2026-07-22 21:18:21.045] [info] Bar configured (width: 1920, height: 34) for output: DP-1
[2026-07-22 21:18:29.688] [info] Using configuration file /home/ruby/.config/waybar/config
[2026-07-22 21:18:29.689] [info] Discovered appearance 'dark'
[2026-07-22 21:18:29.702] [info] Using CSS file /home/ruby/.config/waybar/style.css
[2026-07-22 21:18:29.708] [info] Hyprland IPC starting
[2026-07-22 21:18:29.712] [info] Loading persistent workspaces from Hyprland workspace rules
[2026-07-22 21:18:29.770] [info] Bar configured (width: 1920, height: 34) for output: DP-1
[2026-07-22 21:20:51.680] [info] Using configuration file /home/ruby/.config/waybar/config
[2026-07-22 21:20:51.685] [info] Discovered appearance 'dark'
[2026-07-22 21:20:51.704] [info] Using CSS file /home/ruby/.config/waybar/style.css
[2026-07-22 21:20:51.710] [info] Hyprland IPC starting
[2026-07-22 21:20:51.712] [info] Loading persistent workspaces from Hyprland workspace rules
[2026-07-22 21:20:51.753] [info] Bar configured (width: 1920, height: 34) for output: DP-1
[2026-07-22 21:21:29.421] [info] Using configuration file /home/ruby/.config/waybar/config
[2026-07-22 21:21:29.424] [info] Discovered appearance 'dark'
[2026-07-22 21:21:29.442] [info] Using CSS file /home/ruby/.config/waybar/style.css
[2026-07-22 21:21:29.459] [info] Hyprland IPC starting
[2026-07-22 21:21:29.460] [info] Loading persistent workspaces from Hyprland workspace rules
[2026-07-22 21:21:29.499] [info] Bar configured (width: 1920, height: 34) for output: DP-1
[2026-07-22 21:21:45.098] [info] Using configuration file /home/ruby/.config/waybar/config
[2026-07-22 21:21:45.110] [info] Discovered appearance 'dark'
[2026-07-22 21:21:45.127] [info] Using CSS file /home/ruby/.config/waybar/style.css
[2026-07-22 21:21:45.135] [info] Hyprland IPC starting
[2026-07-22 21:21:45.139] [info] Loading persistent workspaces from Hyprland workspace rules
[2026-07-22 21:21:45.183] [info] Bar configured (width: 1920, height: 34) for output: DP-1
[2026-07-22 21:21:56.638] [info] Using configuration file /home/ruby/.config/waybar/config
[2026-07-22 21:21:56.646] [info] Discovered appearance 'dark'
[2026-07-22 21:21:56.675] [info] Using CSS file /home/ruby/.config/waybar/style.css
[2026-07-22 21:21:56.679] [info] Hyprland IPC starting
[2026-07-22 21:21:56.680] [info] Loading persistent workspaces from Hyprland workspace rules
[2026-07-22 21:21:56.718] [info] Bar configured (width: 1920, height: 34) for output: DP-1
[2026-07-22 21:22:39.619] [info] Using configuration file /home/ruby/.config/waybar/config
[2026-07-22 21:22:39.625] [info] Discovered appearance 'dark'
[2026-07-22 21:22:39.646] [info] Using CSS file /home/ruby/.config/waybar/style.css
[2026-07-22 21:22:39.653] [info] Loading persistent workspaces from Hyprland workspace rules
[2026-07-22 21:22:39.654] [info] Hyprland IPC starting
[2026-07-22 21:22:39.699] [info] Bar configured (width: 1920, height: 34) for output: DP-1
[2026-07-22 21:23:06.940] [info] Using configuration file /home/ruby/.config/waybar/config
[2026-07-22 21:23:06.942] [info] Discovered appearance 'dark'
[2026-07-22 21:23:06.961] [info] Using CSS file /home/ruby/.config/waybar/style.css
[2026-07-22 21:23:06.969] [info] Loading persistent workspaces from Hyprland workspace rules
[2026-07-22 21:23:06.969] [info] Hyprland IPC starting
[2026-07-22 21:23:07.017] [info] Bar configured (width: 1920, height: 34) for output: DP-1
[2026-07-22 21:25:22.448] [info] Using configuration file /home/ruby/.config/waybar/config
[2026-07-22 21:25:22.449] [info] Discovered appearance 'dark'
[2026-07-22 21:25:22.463] [info] Using CSS file /home/ruby/.config/waybar/style.css
[2026-07-22 21:25:22.468] [info] Hyprland IPC starting
[2026-07-22 21:25:22.471] [info] Loading persistent workspaces from Hyprland workspace rules
[2026-07-22 21:25:22.531] [info] Bar configured (width: 1920, height: 34) for output: DP-1
[2026-07-22 21:26:35.107] [info] Using configuration file /home/ruby/.config/waybar/config
[2026-07-22 21:26:35.109] [info] Discovered appearance 'dark'
[2026-07-22 21:26:35.123] [info] Using CSS file /home/ruby/.config/waybar/style.css
[2026-07-22 21:26:35.127] [info] Hyprland IPC starting
[2026-07-22 21:26:35.127] [info] Loading persistent workspaces from Hyprland workspace rules
[2026-07-22 21:26:35.164] [info] Bar configured (width: 1920, height: 34) for output: DP-1
[2026-07-22 21:27:13.231] [info] Using configuration file /home/ruby/.config/waybar/config
[2026-07-22 21:27:13.232] [info] Discovered appearance 'dark'
[2026-07-22 21:27:13.246] [info] Using CSS file /home/ruby/.config/waybar/style.css
[2026-07-22 21:27:13.252] [info] Hyprland IPC starting
[2026-07-22 21:27:13.252] [info] Loading persistent workspaces from Hyprland workspace rules
[2026-07-22 21:27:13.309] [info] Bar configured (width: 1920, height: 34) for output: DP-1
[2026-07-22 21:27:23.359] [info] Using configuration file /home/ruby/.config/waybar/config
[2026-07-22 21:27:23.360] [info] Discovered appearance 'dark'
[2026-07-22 21:27:23.373] [info] Using CSS file /home/ruby/.config/waybar/style.css
[2026-07-22 21:27:23.375] [info] Hyprland IPC starting
[2026-07-22 21:27:23.376] [info] Loading persistent workspaces from Hyprland workspace rules
[2026-07-22 21:27:23.408] [info] Bar configured (width: 1920, height: 34) for output: DP-1
[2026-07-22 21:27:45.360] [info] Using configuration file /home/ruby/.config/waybar/config
[2026-07-22 21:27:45.375] [info] Discovered appearance 'dark'
[2026-07-22 21:27:45.394] [info] Using CSS file /home/ruby/.config/waybar/style.css
[2026-07-22 21:27:45.401] [info] Hyprland IPC starting
[2026-07-22 21:27:45.401] [info] Loading persistent workspaces from Hyprland workspace rules
[2026-07-22 21:27:45.442] [info] Bar configured (width: 1920, height: 34) for output: DP-1
[2026-07-22 21:29:59.689] [info] Using configuration file /home/ruby/.config/waybar/config
[2026-07-22 21:29:59.696] [info] Discovered appearance 'dark'
[2026-07-22 21:29:59.713] [info] Using CSS file /home/ruby/.config/waybar/style.css
[2026-07-22 21:29:59.718] [info] Hyprland IPC starting
[2026-07-22 21:29:59.719] [info] Loading persistent workspaces from Hyprland workspace rules
[2026-07-22 21:29:59.751] [info] Bar configured (width: 1920, height: 34) for output: DP-1
[2026-07-22 21:30:43.745] [info] Using configuration file /home/ruby/.config/waybar/config
[2026-07-22 21:30:43.746] [info] Discovered appearance 'dark'
[2026-07-22 21:30:43.761] [info] Using CSS file /home/ruby/.config/waybar/style.css
[2026-07-22 21:30:43.764] [info] Hyprland IPC starting
[2026-07-22 21:30:43.764] [info] Loading persistent workspaces from Hyprland workspace rules
[2026-07-22 21:30:43.816] [info] Bar configured (width: 1920, height: 34) for output: DP-1
[2026-07-22 21:31:00.241] [info] Using configuration file /home/ruby/.config/waybar/config
[2026-07-22 21:31:00.242] [info] Discovered appearance 'dark'
[2026-07-22 21:31:00.255] [info] Using CSS file /home/ruby/.config/waybar/style.css
[2026-07-22 21:31:00.258] [info] Hyprland IPC starting
[2026-07-22 21:31:00.258] [info] Loading persistent workspaces from Hyprland workspace rules
[2026-07-22 21:31:00.293] [info] Bar configured (width: 1920, height: 34) for output: DP-1
[2026-07-22 21:31:13.281] [info] Using configuration file /home/ruby/.config/waybar/config
[2026-07-22 21:31:13.291] [info] Discovered appearance 'dark'
[2026-07-22 21:31:13.310] [info] Using CSS file /home/ruby/.config/waybar/style.css
[2026-07-22 21:31:13.313] [info] Hyprland IPC starting
[2026-07-22 21:31:13.314] [info] Loading persistent workspaces from Hyprland workspace rules
[2026-07-22 21:31:13.354] [info] Bar configured (width: 1920, height: 34) for output: DP-1
